{
  "version": "1.5.0",
  "plugins_used": [
    {
      "name": "ArtifactoryDetector"
    },
    {
      "name": "AWSKeyDetector"
    },
    {
      "name": "AzureStorageKeyDetector"
    },
    {
      "name": "Base64HighEntropyString",
      "limit": 4.5
    },
    {
      "name": "BasicAuthDetector"
    },
    {
      "name": "CloudantDetector"
    },
    {
      "name": "DiscordBotTokenDetector"
    },
    {
      "name": "GitHubTokenDetector"
    },
    {
      "name": "GitLabTokenDetector"
    },
    {
      "name": "HexHighEntropyString",
      "limit": 3.0
    },
    {
      "name": "IbmCloudIamDetector"
    },
    {
      "name": "IbmCosHmacDetector"
    },
    {
      "name": "IPPublicDetector"
    },
    {
      "name": "JwtTokenDetector"
    },
    {
      "name": "KeywordDetector",
      "keyword_exclude": ""
    },
    {
      "name": "MailchimpDetector"
    },
    {
      "name": "NpmDetector"
    },
    {
      "name": "OpenAIDetector"
    },
    {
      "name": "PrivateKeyDetector"
    },
    {
      "name": "PypiTokenDetector"
    },
    {
      "name": "SendGridDetector"
    },
    {
      "name": "SlackDetector"
    },
    {
      "name": "SoftlayerDetector"
    },
    {
      "name": "SquareOAuthDetector"
    },
    {
      "name": "StripeDetector"
    },
    {
      "name": "TelegramBotTokenDetector"
    },
    {
      "name": "TwilioKeyDetector"
    }
  ],
  "filters_used": [
    {
      "path": "detect_secrets.filters.allowlist.is_line_allowlisted"
    },
    {
      "path": "detect_secrets.filters.common.is_baseline_file",
      "filename": ".secrets.baseline"
    },
    {
      "path": "detect_secrets.filters.common.is_ignored_due_to_verification_policies",
      "min_level": 2
    },
    {
      "path": "detect_secrets.filters.heuristic.is_indirect_reference"
    },
    {
      "path": "detect_secrets.filters.heuristic.is_likely_id_string"
    },
    {
      "path": "detect_secrets.filters.heuristic.is_lock_file"
    },
    {
      "path": "detect_secrets.filters.heuristic.is_not_alphanumeric_string"
    },
    {
      "path": "detect_secrets.filters.heuristic.is_potential_uuid"
    },
    {
      "path": "detect_secrets.filters.heuristic.is_prefixed_with_dollar_sign"
    },
    {
      "path": "detect_secrets.filters.heuristic.is_sequential_string"
    },
    {
      "path": "detect_secrets.filters.heuristic.is_swagger_file"
    },
    {
      "path": "detect_secrets.filters.heuristic.is_templated_secret"
    },
    {
      "path": "detect_secrets.filters.regex.should_exclude_file",
      "pattern": [
        "node_modules|frontend/node_modules|package-lock.json|frontend/package-lock.json|\\.git/"
      ]
    }
  ],
  "results": {
    ".env.example": [
      {
        "type": "Basic Auth Credentials",
        "filename": ".env.example",
        "hashed_secret": "e8d4a2f731a2b37fcb169639d14ccb9350952d59",
        "is_verified": false,
        "line_number": 6
      }
    ],
    ".github/workflows/ci.yml": [
      {
        "type": "Secret Keyword",
        "filename": ".github/workflows/ci.yml",
        "hashed_secret": "0a12efd01c5a8af667a259954508569c5e5ab227",
        "is_verified": false,
        "line_number": 13
      },
      {
        "type": "Basic Auth Credentials",
        "filename": ".github/workflows/ci.yml",
        "hashed_secret": "9d4e1e23bd5b727046a9e3b4b7db57bd8d6ee684",
        "is_verified": false,
        "line_number": 14
      }
    ],
    "Dockerfile": [
      {
        "type": "Basic Auth Credentials",
        "filename": "Dockerfile",
        "hashed_secret": "9d4e1e23bd5b727046a9e3b4b7db57bd8d6ee684",
        "is_verified": false,
        "line_number": 34
      }
    ],
    "README.md": [
      {
        "type": "Basic Auth Credentials",
        "filename": "README.md",
        "hashed_secret": "9d4e1e23bd5b727046a9e3b4b7db57bd8d6ee684",
        "is_verified": false,
        "line_number": 83
      }
    ],
    "apps/catalog/test_scale.py": [
      {
        "type": "Secret Keyword",
        "filename": "apps/catalog/test_scale.py",
        "hashed_secret": "789b49606c321c8cf228d17942608eff0ccc4171",
        "is_verified": false,
        "line_number": 24
      }
    ],
    "apps/catalog/tests.py": [
      {
        "type": "Secret Keyword",
        "filename": "apps/catalog/tests.py",
        "hashed_secret": "789b49606c321c8cf228d17942608eff0ccc4171",
        "is_verified": false,
        "line_number": 20
      }
    ],
    "apps/common/test_roles.py": [
      {
        "type": "Secret Keyword",
        "filename": "apps/common/test_roles.py",
        "hashed_secret": "789b49606c321c8cf228d17942608eff0ccc4171",
        "is_verified": false,
        "line_number": 36
      }
    ],
    "apps/common/test_security.py": [
      {
        "type": "Secret Keyword",
        "filename": "apps/common/test_security.py",
        "hashed_secret": "90ce676e435c66b368a14c21148d9c98443a746a",
        "is_verified": false,
        "line_number": 32
      },
      {
        "type": "Secret Keyword",
        "filename": "apps/common/test_security.py",
        "hashed_secret": "a4b48a81cdab1e1a5dd37907d6c85ca1c61ddc7c",
        "is_verified": false,
        "line_number": 344
      }
    ],
    "apps/common/tests.py": [
      {
        "type": "Secret Keyword",
        "filename": "apps/common/tests.py",
        "hashed_secret": "789b49606c321c8cf228d17942608eff0ccc4171",
        "is_verified": false,
        "line_number": 24
      }
    ],
    "apps/debt/tests.py": [
      {
        "type": "Secret Keyword",
        "filename": "apps/debt/tests.py",
        "hashed_secret": "789b49606c321c8cf228d17942608eff0ccc4171",
        "is_verified": false,
        "line_number": 12
      }
    ],
    "apps/reports/tests.py": [
      {
        "type": "Secret Keyword",
        "filename": "apps/reports/tests.py",
        "hashed_secret": "789b49606c321c8cf228d17942608eff0ccc4171",
        "is_verified": false,
        "line_number": 21
      }
    ],
    "apps/sales/tests.py": [
      {
        "type": "Secret Keyword",
        "filename": "apps/sales/tests.py",
        "hashed_secret": "789b49606c321c8cf228d17942608eff0ccc4171",
        "is_verified": false,
        "line_number": 18
      }
    ],
    "apps/shops/management/commands/seed_demo.py": [
      {
        "type": "Secret Keyword",
        "filename": "apps/shops/management/commands/seed_demo.py",
        "hashed_secret": "7997f12c3820726b29acaad633838035f867d9a2",
        "is_verified": false,
        "line_number": 20
      }
    ],
    "apps/shops/tests.py": [
      {
        "type": "Secret Keyword",
        "filename": "apps/shops/tests.py",
        "hashed_secret": "789b49606c321c8cf228d17942608eff0ccc4171",
        "is_verified": false,
        "line_number": 15
      },
      {
        "type": "Secret Keyword",
        "filename": "apps/shops/tests.py",
        "hashed_secret": "528bba71a37c36bb56023fc97bfb7a8ad6b89291",
        "is_verified": false,
        "line_number": 135
      },
      {
        "type": "Secret Keyword",
        "filename": "apps/shops/tests.py",
        "hashed_secret": "77baf640cc82a11f1e076b723ecd8650692bb5b1",
        "is_verified": false,
        "line_number": 174
      }
    ],
    "frontend/src/i18n/uz.js": [
      {
        "type": "Secret Keyword",
        "filename": "frontend/src/i18n/uz.js",
        "hashed_secret": "c90bd6a44e4c888fbe1205f7ebfdd973c59a787c",
        "is_verified": false,
        "line_number": 97
      }
    ]
  },
  "generated_at": "2026-09-24T12:03:33Z"
}
